// Jest Snapshot v1, https://goo.gl/fbAQLP

exports[`<Pagination /> should match the snapshot 1`] = `
<DocumentFragment>
  <nav
    aria-label="Pagination"
    class="ty-pagination ty-pagination_center ty-pagination_md"
  >
    <ul
      class="ty-pagination__list"
    >
      <li
        class="ty-pagination__item ty-pagination__item_disabled"
      >
        <button
          aria-label="Previous page"
          disabled=""
          type="button"
        >
          <svg
            class="ty-pagination__left-arrow"
            height="12"
            viewBox="0 0 1024 1024"
            width="12"
          >
            <path
              d="M472.064 751.552 72.832 352.32c-22.08-22.08-22.08-57.792 0-79.872 22.016-22.016 57.792-22.08 79.872 0L512 631.744l359.296-359.296c22.016-22.016 57.792-22.08 79.872 0 22.08 22.08 22.016 57.792 0 79.872l-399.232 399.232C529.856 773.568 494.144 773.568 472.064 751.552z"
              fill="currentcolor"
            />
          </svg>
        </button>
      </li>
      <li
        class="ty-pagination__item ty-pagination__item_active"
      >
        <button
          aria-current="page"
          aria-label="Page 1"
          type="button"
        >
          1
        </button>
      </li>
      <li
        class="ty-pagination__item"
      >
        <button
          aria-label="Page 2"
          type="button"
        >
          2
        </button>
      </li>
      <li
        class="ty-pagination__item"
      >
        <button
          aria-label="Page 3"
          type="button"
        >
          3
        </button>
      </li>
      <li
        class="ty-pagination__item"
      >
        <button
          aria-label="Page 4"
          type="button"
        >
          4
        </button>
      </li>
      <li
        class="ty-pagination__item"
      >
        <button
          aria-label="Page 5"
          type="button"
        >
          5
        </button>
      </li>
      <li
        class="ty-pagination__item ty-pagination__item_ellipsis"
      >
        <button
          aria-label="Jump forward 5 pages"
          type="button"
        >
          •••
        </button>
      </li>
      <li
        class="ty-pagination__item"
      >
        <button
          aria-label="Page 10"
          type="button"
        >
          10
        </button>
      </li>
      <li
        class="ty-pagination__item"
      >
        <button
          aria-label="Next page"
          type="button"
        >
          <svg
            class="ty-pagination__right-arrow"
            height="12"
            viewBox="0 0 1024 1024"
            width="12"
          >
            <path
              d="M472.064 751.552 72.832 352.32c-22.08-22.08-22.08-57.792 0-79.872 22.016-22.016 57.792-22.08 79.872 0L512 631.744l359.296-359.296c22.016-22.016 57.792-22.08 79.872 0 22.08 22.08 22.016 57.792 0 79.872l-399.232 399.232C529.856 773.568 494.144 773.568 472.064 751.552z"
              fill="currentcolor"
            />
          </svg>
        </button>
      </li>
    </ul>
  </nav>
</DocumentFragment>
`;
