// Jest Snapshot v1, https://goo.gl/fbAQLP

exports[`<Carousel /> should match the snapshot 1`] = `
<DocumentFragment>
  <div
    class="ty-carousel ty-carousel_scrollx"
  >
    <div
      class="ty-carousel__viewport"
    >
      <div
        class="ty-carousel__track"
        style="width: 0px; transform: translate3d(0px, 0, 0); transition: none;"
      >
        <div
          class="ty-carousel__slide"
          style="width: 0px; flex-shrink: 0;"
        >
          <div>
            Slide 1
          </div>
        </div>
        <div
          class="ty-carousel__slide"
          style="width: 0px; flex-shrink: 0;"
        >
          <div>
            Slide 2
          </div>
        </div>
      </div>
    </div>
    <ul
      class="ty-carousel__dots ty-carousel__dots_bottom"
    >
      <li
        class="ty-carousel__dot ty-carousel__dot_active"
      />
      <li
        class="ty-carousel__dot"
      />
    </ul>
  </div>
</DocumentFragment>
`;
