// Jest Snapshot v1, https://goo.gl/fbAQLP

exports[`<ButtonGroup /> should match the snapshot 1`] = `
<DocumentFragment>
  <div
    class="ty-btn-group ty-btn-group_default"
  >
    <button
      class="ty-btn ty-btn_default ty-btn_md"
      role="button"
    >
      <span
        class="ty-btn__children"
      >
        Default
      </span>
    </button>
  </div>
</DocumentFragment>
`;
