// Jest Snapshot v1, https://goo.gl/fbAQLP

exports[`<Button /> should match the snapshot 1`] = `
<DocumentFragment>
  <button
    class="ty-btn ty-btn_default ty-btn_md"
    role="button"
  >
    <span
      class="ty-btn__children"
    >
      Default
    </span>
  </button>
</DocumentFragment>
`;
