// Jest Snapshot v1, https://goo.gl/fbAQLP

exports[`<Tabs /> items API should match the snapshot 1`] = `
<DocumentFragment>
  <div
    class="ty-tabs ty-tabs_md ty-tabs_top ty-tabs_line"
  >
    <div
      class="ty-tabs__nav"
      role="tablist"
    >
      <div
        class="ty-tabs__nav-wrap"
      >
        <div
          class="ty-tabs__nav-list"
        >
          <div
            aria-controls=":r0:-panel-1"
            aria-selected="true"
            class="ty-tabs__tab ty-tabs__tab_active"
            id=":r0:-tab-1"
            role="tab"
            tabindex="0"
          >
            <span
              class="ty-tabs__tab-label"
            >
              Tab 1
            </span>
          </div>
          <div
            aria-controls=":r0:-panel-2"
            aria-selected="false"
            class="ty-tabs__tab"
            id=":r0:-tab-2"
            role="tab"
            tabindex="-1"
          >
            <span
              class="ty-tabs__tab-label"
            >
              Tab 2
            </span>
          </div>
          <div
            aria-controls=":r0:-panel-3"
            aria-selected="false"
            class="ty-tabs__tab"
            id=":r0:-tab-3"
            role="tab"
            tabindex="-1"
          >
            <span
              class="ty-tabs__tab-label"
            >
              Tab 3
            </span>
          </div>
          <div
            class="ty-tabs__ink-bar"
            style="width: 0px; transform: translate3d(0px, 0, 0);"
          />
        </div>
      </div>
    </div>
    <div
      class="ty-tabs__content"
    >
      <div
        class="ty-tabs__content-inner ty-tabs__content-inner_animated"
        style="transform: translate3d(0%, 0, 0);"
      >
        <div
          aria-labelledby=":r0:-tab-1"
          class="ty-tabs__panel ty-tabs__panel_active"
          id=":r0:-panel-1"
          role="tabpanel"
        >
          Content 1
        </div>
        <div
          aria-labelledby=":r0:-tab-2"
          class="ty-tabs__panel"
          id=":r0:-panel-2"
          role="tabpanel"
        >
          Content 2
        </div>
        <div
          aria-labelledby=":r0:-tab-3"
          class="ty-tabs__panel"
          id=":r0:-panel-3"
          role="tabpanel"
        >
          Content 3
        </div>
      </div>
    </div>
  </div>
</DocumentFragment>
`;
