// Jest Snapshot v1, https://goo.gl/fbAQLP

exports[`<Calendar /> should match the snapshot 1`] = `
<DocumentFragment>
  <div
    class="ty-calendar ty-calendar_fullscreen"
  >
    <div
      class="ty-calendar__header"
    >
      <button
        aria-label="Previous"
        class="ty-calendar__nav-btn"
        type="button"
      >
        ‹
      </button>
      <span
        class="ty-calendar__title"
      >
        <button
          class="ty-calendar__title-btn"
          type="button"
        >
          January 2024
        </button>
      </span>
      <button
        aria-label="Next"
        class="ty-calendar__nav-btn"
        type="button"
      >
        ›
      </button>
    </div>
    <div
      class="ty-calendar__body"
    >
      <table
        class="ty-calendar__table"
        role="grid"
      >
        <thead>
          <tr>
            <th
              class="ty-calendar__cell-header"
              scope="col"
            >
              Su
            </th>
            <th
              class="ty-calendar__cell-header"
              scope="col"
            >
              Mo
            </th>
            <th
              class="ty-calendar__cell-header"
              scope="col"
            >
              Tu
            </th>
            <th
              class="ty-calendar__cell-header"
              scope="col"
            >
              We
            </th>
            <th
              class="ty-calendar__cell-header"
              scope="col"
            >
              Th
            </th>
            <th
              class="ty-calendar__cell-header"
              scope="col"
            >
              Fr
            </th>
            <th
              class="ty-calendar__cell-header"
              scope="col"
            >
              Sa
            </th>
          </tr>
        </thead>
        <tbody>
          <tr>
            <td
              class="ty-calendar__cell"
              role="gridcell"
            >
              <div
                class="ty-calendar__cell-inner"
              >
                <span
                  class="ty-calendar__cell-date"
                >
                  31
                </span>
              </div>
            </td>
            <td
              class="ty-calendar__cell ty-calendar__cell_in-view"
              role="gridcell"
            >
              <div
                class="ty-calendar__cell-inner"
              >
                <span
                  class="ty-calendar__cell-date"
                >
                  1
                </span>
              </div>
            </td>
            <td
              class="ty-calendar__cell ty-calendar__cell_in-view"
              role="gridcell"
            >
              <div
                class="ty-calendar__cell-inner"
              >
                <span
                  class="ty-calendar__cell-date"
                >
                  2
                </span>
              </div>
            </td>
            <td
              class="ty-calendar__cell ty-calendar__cell_in-view"
              role="gridcell"
            >
              <div
                class="ty-calendar__cell-inner"
              >
                <span
                  class="ty-calendar__cell-date"
                >
                  3
                </span>
              </div>
            </td>
            <td
              class="ty-calendar__cell ty-calendar__cell_in-view"
              role="gridcell"
            >
              <div
                class="ty-calendar__cell-inner"
              >
                <span
                  class="ty-calendar__cell-date"
                >
                  4
                </span>
              </div>
            </td>
            <td
              class="ty-calendar__cell ty-calendar__cell_in-view"
              role="gridcell"
            >
              <div
                class="ty-calendar__cell-inner"
              >
                <span
                  class="ty-calendar__cell-date"
                >
                  5
                </span>
              </div>
            </td>
            <td
              class="ty-calendar__cell ty-calendar__cell_in-view"
              role="gridcell"
            >
              <div
                class="ty-calendar__cell-inner"
              >
                <span
                  class="ty-calendar__cell-date"
                >
                  6
                </span>
              </div>
            </td>
          </tr>
          <tr>
            <td
              class="ty-calendar__cell ty-calendar__cell_in-view"
              role="gridcell"
            >
              <div
                class="ty-calendar__cell-inner"
              >
                <span
                  class="ty-calendar__cell-date"
                >
                  7
                </span>
              </div>
            </td>
            <td
              class="ty-calendar__cell ty-calendar__cell_in-view"
              role="gridcell"
            >
              <div
                class="ty-calendar__cell-inner"
              >
                <span
                  class="ty-calendar__cell-date"
                >
                  8
                </span>
              </div>
            </td>
            <td
              class="ty-calendar__cell ty-calendar__cell_in-view"
              role="gridcell"
            >
              <div
                class="ty-calendar__cell-inner"
              >
                <span
                  class="ty-calendar__cell-date"
                >
                  9
                </span>
              </div>
            </td>
            <td
              class="ty-calendar__cell ty-calendar__cell_in-view"
              role="gridcell"
            >
              <div
                class="ty-calendar__cell-inner"
              >
                <span
                  class="ty-calendar__cell-date"
                >
                  10
                </span>
              </div>
            </td>
            <td
              class="ty-calendar__cell ty-calendar__cell_in-view"
              role="gridcell"
            >
              <div
                class="ty-calendar__cell-inner"
              >
                <span
                  class="ty-calendar__cell-date"
                >
                  11
                </span>
              </div>
            </td>
            <td
              class="ty-calendar__cell ty-calendar__cell_in-view"
              role="gridcell"
            >
              <div
                class="ty-calendar__cell-inner"
              >
                <span
                  class="ty-calendar__cell-date"
                >
                  12
                </span>
              </div>
            </td>
            <td
              class="ty-calendar__cell ty-calendar__cell_in-view"
              role="gridcell"
            >
              <div
                class="ty-calendar__cell-inner"
              >
                <span
                  class="ty-calendar__cell-date"
                >
                  13
                </span>
              </div>
            </td>
          </tr>
          <tr>
            <td
              class="ty-calendar__cell ty-calendar__cell_in-view"
              role="gridcell"
            >
              <div
                class="ty-calendar__cell-inner"
              >
                <span
                  class="ty-calendar__cell-date"
                >
                  14
                </span>
              </div>
            </td>
            <td
              class="ty-calendar__cell ty-calendar__cell_in-view ty-calendar__cell_selected"
              role="gridcell"
            >
              <div
                class="ty-calendar__cell-inner"
              >
                <span
                  class="ty-calendar__cell-date"
                >
                  15
                </span>
              </div>
            </td>
            <td
              class="ty-calendar__cell ty-calendar__cell_in-view"
              role="gridcell"
            >
              <div
                class="ty-calendar__cell-inner"
              >
                <span
                  class="ty-calendar__cell-date"
                >
                  16
                </span>
              </div>
            </td>
            <td
              class="ty-calendar__cell ty-calendar__cell_in-view"
              role="gridcell"
            >
              <div
                class="ty-calendar__cell-inner"
              >
                <span
                  class="ty-calendar__cell-date"
                >
                  17
                </span>
              </div>
            </td>
            <td
              class="ty-calendar__cell ty-calendar__cell_in-view"
              role="gridcell"
            >
              <div
                class="ty-calendar__cell-inner"
              >
                <span
                  class="ty-calendar__cell-date"
                >
                  18
                </span>
              </div>
            </td>
            <td
              class="ty-calendar__cell ty-calendar__cell_in-view"
              role="gridcell"
            >
              <div
                class="ty-calendar__cell-inner"
              >
                <span
                  class="ty-calendar__cell-date"
                >
                  19
                </span>
              </div>
            </td>
            <td
              class="ty-calendar__cell ty-calendar__cell_in-view"
              role="gridcell"
            >
              <div
                class="ty-calendar__cell-inner"
              >
                <span
                  class="ty-calendar__cell-date"
                >
                  20
                </span>
              </div>
            </td>
          </tr>
          <tr>
            <td
              class="ty-calendar__cell ty-calendar__cell_in-view"
              role="gridcell"
            >
              <div
                class="ty-calendar__cell-inner"
              >
                <span
                  class="ty-calendar__cell-date"
                >
                  21
                </span>
              </div>
            </td>
            <td
              class="ty-calendar__cell ty-calendar__cell_in-view"
              role="gridcell"
            >
              <div
                class="ty-calendar__cell-inner"
              >
                <span
                  class="ty-calendar__cell-date"
                >
                  22
                </span>
              </div>
            </td>
            <td
              class="ty-calendar__cell ty-calendar__cell_in-view"
              role="gridcell"
            >
              <div
                class="ty-calendar__cell-inner"
              >
                <span
                  class="ty-calendar__cell-date"
                >
                  23
                </span>
              </div>
            </td>
            <td
              class="ty-calendar__cell ty-calendar__cell_in-view"
              role="gridcell"
            >
              <div
                class="ty-calendar__cell-inner"
              >
                <span
                  class="ty-calendar__cell-date"
                >
                  24
                </span>
              </div>
            </td>
            <td
              class="ty-calendar__cell ty-calendar__cell_in-view"
              role="gridcell"
            >
              <div
                class="ty-calendar__cell-inner"
              >
                <span
                  class="ty-calendar__cell-date"
                >
                  25
                </span>
              </div>
            </td>
            <td
              class="ty-calendar__cell ty-calendar__cell_in-view"
              role="gridcell"
            >
              <div
                class="ty-calendar__cell-inner"
              >
                <span
                  class="ty-calendar__cell-date"
                >
                  26
                </span>
              </div>
            </td>
            <td
              class="ty-calendar__cell ty-calendar__cell_in-view"
              role="gridcell"
            >
              <div
                class="ty-calendar__cell-inner"
              >
                <span
                  class="ty-calendar__cell-date"
                >
                  27
                </span>
              </div>
            </td>
          </tr>
          <tr>
            <td
              class="ty-calendar__cell ty-calendar__cell_in-view"
              role="gridcell"
            >
              <div
                class="ty-calendar__cell-inner"
              >
                <span
                  class="ty-calendar__cell-date"
                >
                  28
                </span>
              </div>
            </td>
            <td
              class="ty-calendar__cell ty-calendar__cell_in-view"
              role="gridcell"
            >
              <div
                class="ty-calendar__cell-inner"
              >
                <span
                  class="ty-calendar__cell-date"
                >
                  29
                </span>
              </div>
            </td>
            <td
              class="ty-calendar__cell ty-calendar__cell_in-view"
              role="gridcell"
            >
              <div
                class="ty-calendar__cell-inner"
              >
                <span
                  class="ty-calendar__cell-date"
                >
                  30
                </span>
              </div>
            </td>
            <td
              class="ty-calendar__cell ty-calendar__cell_in-view"
              role="gridcell"
            >
              <div
                class="ty-calendar__cell-inner"
              >
                <span
                  class="ty-calendar__cell-date"
                >
                  31
                </span>
              </div>
            </td>
            <td
              class="ty-calendar__cell"
              role="gridcell"
            >
              <div
                class="ty-calendar__cell-inner"
              >
                <span
                  class="ty-calendar__cell-date"
                >
                  1
                </span>
              </div>
            </td>
            <td
              class="ty-calendar__cell"
              role="gridcell"
            >
              <div
                class="ty-calendar__cell-inner"
              >
                <span
                  class="ty-calendar__cell-date"
                >
                  2
                </span>
              </div>
            </td>
            <td
              class="ty-calendar__cell"
              role="gridcell"
            >
              <div
                class="ty-calendar__cell-inner"
              >
                <span
                  class="ty-calendar__cell-date"
                >
                  3
                </span>
              </div>
            </td>
          </tr>
          <tr>
            <td
              class="ty-calendar__cell"
              role="gridcell"
            >
              <div
                class="ty-calendar__cell-inner"
              >
                <span
                  class="ty-calendar__cell-date"
                >
                  4
                </span>
              </div>
            </td>
            <td
              class="ty-calendar__cell"
              role="gridcell"
            >
              <div
                class="ty-calendar__cell-inner"
              >
                <span
                  class="ty-calendar__cell-date"
                >
                  5
                </span>
              </div>
            </td>
            <td
              class="ty-calendar__cell"
              role="gridcell"
            >
              <div
                class="ty-calendar__cell-inner"
              >
                <span
                  class="ty-calendar__cell-date"
                >
                  6
                </span>
              </div>
            </td>
            <td
              class="ty-calendar__cell"
              role="gridcell"
            >
              <div
                class="ty-calendar__cell-inner"
              >
                <span
                  class="ty-calendar__cell-date"
                >
                  7
                </span>
              </div>
            </td>
            <td
              class="ty-calendar__cell"
              role="gridcell"
            >
              <div
                class="ty-calendar__cell-inner"
              >
                <span
                  class="ty-calendar__cell-date"
                >
                  8
                </span>
              </div>
            </td>
            <td
              class="ty-calendar__cell"
              role="gridcell"
            >
              <div
                class="ty-calendar__cell-inner"
              >
                <span
                  class="ty-calendar__cell-date"
                >
                  9
                </span>
              </div>
            </td>
            <td
              class="ty-calendar__cell"
              role="gridcell"
            >
              <div
                class="ty-calendar__cell-inner"
              >
                <span
                  class="ty-calendar__cell-date"
                >
                  10
                </span>
              </div>
            </td>
          </tr>
        </tbody>
      </table>
    </div>
  </div>
</DocumentFragment>
`;
