// Jest Snapshot v1, https://goo.gl/fbAQLP

exports[`<Calendar /> should match the snapshot 1`] = `
<DocumentFragment>
  <div
    class=""
  >
    <div
      class="undefined__caption"
    >
      <div
        class="undefined__title"
      />
      <div
        class="undefined__btn-group"
      />
    </div>
    <div
      class="undefined__body"
    >
      <table>
        <thead />
      </table>
    </div>
  </div>
</DocumentFragment>
`;
