// Jest Snapshot v1, https://goo.gl/fbAQLP

exports[`<ConfigProvider /> should match the snapshot 1`] = `
<DocumentFragment>
  <button
    class="custom-btn custom-btn_md custom-btn_default"
    role="button"
  >
    <span
      class="custom-btn__children"
    >
      Button
    </span>
  </button>
</DocumentFragment>
`;
