// Jest Snapshot v1, https://goo.gl/fbAQLP

exports[`<AspectRatio /> should match the snapshot 1`] = `
<DocumentFragment>
  <div
    class="ty-aspect-ratio"
    style="width: 100%;"
  >
    <div
      class="ty-aspect-ratio__padding"
      style="padding-top: 100%;"
    />
    <div
      class="ty-aspect-ratio__inside"
    />
  </div>
</DocumentFragment>
`;
