// Jest Snapshot v1, https://goo.gl/fbAQLP

exports[`<Table /> should match the snapshot 1`] = `
<DocumentFragment>
  <div
    class="ty-table ty-table_md"
  >
    <div
      class="ty-table__wrapper"
    >
      <table
        class="ty-table__table"
      >
        <thead
          class="ty-table__thead"
        >
          <tr>
            <th
              class="ty-table__cell"
            >
              <span
                class="ty-table__col-title"
              >
                Name
              </span>
            </th>
            <th
              class="ty-table__cell ty-table__cell_sortable"
            >
              <span
                class="ty-table__col-title"
              >
                Age
              </span>
              <span
                class="ty-table__sorter"
              >
                <span
                  class="ty-table__sorter-icon"
                >
                  ▲
                </span>
                <span
                  class="ty-table__sorter-icon"
                >
                  ▼
                </span>
              </span>
            </th>
          </tr>
        </thead>
        <tbody
          class="ty-table__tbody"
        >
          <tr
            class="ty-table__row"
          >
            <td
              class="ty-table__cell"
            >
              Alice
            </td>
            <td
              class="ty-table__cell"
            >
              30
            </td>
          </tr>
          <tr
            class="ty-table__row"
          >
            <td
              class="ty-table__cell"
            >
              Bob
            </td>
            <td
              class="ty-table__cell"
            >
              25
            </td>
          </tr>
          <tr
            class="ty-table__row"
          >
            <td
              class="ty-table__cell"
            >
              Charlie
            </td>
            <td
              class="ty-table__cell"
            >
              35
            </td>
          </tr>
        </tbody>
      </table>
    </div>
  </div>
</DocumentFragment>
`;
