// Jest Snapshot v1, https://goo.gl/fbAQLP

exports[`<Table /> should match the snapshot 1`] = `
<DocumentFragment>
  <div
    class="ty-table ty-table_md"
  >
    <div
      class="ty-table__wrapper"
    >
      <table
        class="ty-table__table"
      >
        <thead
          class="ty-table__thead"
        >
          <tr>
            <th
              class="ty-table__cell"
            >
              <span
                class="ty-table__col-title"
              >
                Name
              </span>
            </th>
            <th
              class="ty-table__cell ty-table__cell_sortable"
            >
              <span
                class="ty-table__col-title"
              >
                Age
              </span>
              <span
                class="ty-table__sorter"
              >
                <span
                  class="ty-table__sorter-icon"
                >
                  ▲
                </span>
                <span
                  class="ty-table__sorter-icon"
                >
                  ▼
                </span>
              </span>
            </th>
          </tr>
        </thead>
        <tbody
          class="ty-table__tbody"
        >
          <tr
            class="ty-table__row"
          >
            <td
              class="ty-table__cell"
            >
              Alice
            </td>
            <td
              class="ty-table__cell"
            >
              30
            </td>
          </tr>
          <tr
            class="ty-table__row"
          >
            <td
              class="ty-table__cell"
            >
              Bob
            </td>
            <td
              class="ty-table__cell"
            >
              25
            </td>
          </tr>
          <tr
            class="ty-table__row"
          >
            <td
              class="ty-table__cell"
            >
              Charlie
            </td>
            <td
              class="ty-table__cell"
            >
              35
            </td>
          </tr>
        </tbody>
      </table>
    </div>
    <nav
      aria-label="Pagination"
      class="ty-pagination ty-pagination_right ty-pagination_md"
      style="padding: 16px 0px;"
    >
      <ul
        class="ty-pagination__list"
      >
        <li
          class="ty-pagination__item ty-pagination__item_disabled"
        >
          <button
            aria-label="Previous page"
            disabled=""
            type="button"
          >
            <svg
              class="ty-pagination__left-arrow"
              height="12"
              viewBox="0 0 1024 1024"
              width="12"
            >
              <path
                d="M472.064 751.552 72.832 352.32c-22.08-22.08-22.08-57.792 0-79.872 22.016-22.016 57.792-22.08 79.872 0L512 631.744l359.296-359.296c22.016-22.016 57.792-22.08 79.872 0 22.08 22.08 22.016 57.792 0 79.872l-399.232 399.232C529.856 773.568 494.144 773.568 472.064 751.552z"
                fill="currentcolor"
              />
            </svg>
          </button>
        </li>
        <li
          class="ty-pagination__item ty-pagination__item_active"
        >
          <button
            aria-current="page"
            aria-label="Page 1"
            type="button"
          >
            1
          </button>
        </li>
        <li
          class="ty-pagination__item ty-pagination__item_disabled"
        >
          <button
            aria-label="Next page"
            disabled=""
            type="button"
          >
            <svg
              class="ty-pagination__right-arrow"
              height="12"
              viewBox="0 0 1024 1024"
              width="12"
            >
              <path
                d="M472.064 751.552 72.832 352.32c-22.08-22.08-22.08-57.792 0-79.872 22.016-22.016 57.792-22.08 79.872 0L512 631.744l359.296-359.296c22.016-22.016 57.792-22.08 79.872 0 22.08 22.08 22.016 57.792 0 79.872l-399.232 399.232C529.856 773.568 494.144 773.568 472.064 751.552z"
                fill="currentcolor"
              />
            </svg>
          </button>
        </li>
      </ul>
    </nav>
  </div>
</DocumentFragment>
`;
